
> unified-cyber-auth@0.1.0 build
> next build

Γû▓ Next.js 16.2.6 (Turbopack)
- Environments: .env.local

  Creating an optimized production build ...
Γ£ô Compiled successfully in 30.9s
  Running TypeScript ...
node.exe : Failed to type check.
At line:1 char:1
+ & "C:\Program Files\nodejs/node.exe" 
"C:\Program Files\nodejs/node_mo ...
+ ~~~~~~~~~~~~~~~~~~~~~~~~~~~~~~~~~~~~~~~~~~~~
~~~~~~~~~~~~~~~~~~~~~~~~~
    + CategoryInfo          : NotSpecified: ( 
   Failed to type check.:String) [], RemoteE  
  xception
    + FullyQualifiedErrorId : NativeCommandEr 
   ror
 

.next/dev/types/routes.d.ts:167:1
Type error: Unexpected keyword or identifier.

  [90m165 |[0m   }
  [90m166 |[0m }
[31m[1m>[0m [90m167 |[0m ontext 
[36mfor[0m [33mNext[0m.js [33mApp[0m 
[33mRouter[0m route handlers
  [90m    |[0m [31m[1m^[0m
  [90m168 |[0m    * @example
  [90m169 |[0m    * [32m``[0m[32m`tsx[0m
  [90m170 |[0m [32m   * export async 
function GET(request: NextRequest, context: 
RouteContext<'/api/users/[i...[0m
Next.js build worker exited with code: 1 and 
signal: null
