.next/dev/types/routes.d.ts(167,1): error TS1434: Unexpected keyword or identifier.
.next/dev/types/routes.d.ts(167,12): error TS1005: '(' expected.
.next/dev/types/routes.d.ts(167,20): error TS1005: ';' expected.
.next/dev/types/routes.d.ts(167,24): error TS1005: ';' expected.
.next/dev/types/routes.d.ts(167,31): error TS1005: ')' expected.
.next/dev/types/routes.d.ts(168,14): error TS1109: Expression expected.
.next/dev/types/routes.d.ts(175,5): error TS1161: Unterminated regular expression literal.
.next/dev/types/routes.d.ts(179,1): error TS1128: Declaration or statement expected.
.next/dev/types/validator.ts(918,1): error TS1128: Declaration or statement expected.
